Archive member included because of file (symbol)

contiki-wismote.a(er-coap.o)  park.co (coap_get_payload)
contiki-wismote.a(er-coap-engine.)
                              park.co (coap_init_engine)
contiki-wismote.a(er-coap-transac)
                              contiki-wismote.a(er-coap-engine.) (coap_register_as_transaction_handler)
contiki-wismote.a(er-coap-observe)
                              contiki-wismote.a(er-coap-transac) (coap_remove_observer_by_client)
contiki-wismote.a(er-coap-res-wel)
                              contiki-wismote.a(er-coap-engine.) (res_well_known_core)
contiki-wismote.a(er-coap-observe)
                              contiki-wismote.a(er-coap-engine.) (coap_handle_notification)
contiki-wismote.a(rest-engine.o)
                              park.co (rest_init_engine)
contiki-wismote.a(contiki-wismote)
                              obj_wismote/contiki-wismote-main.o (init_platform)
contiki-wismote.a(button-sensor.o)
                              contiki-wismote.a(contiki-wismote) (button_sensor)
contiki-wismote.a(node-id.o)  park.co (node_id)
contiki-wismote.a(sensors.o)  contiki-wismote.a(button-sensor.o) (sensors_changed)
contiki-wismote.a(cc2520.o)   obj_wismote/contiki-wismote-main.o (cc2520_set_channel)
contiki-wismote.a(cc2520-arch.o)
                              contiki-wismote.a(cc2520.o) (cc2520_arch_init)
contiki-wismote.a(uart1.o)    obj_wismote/contiki-wismote-main.o (uart1_active)
contiki-wismote.a(uart1-putchar.o)
                              park.co (putchar)
contiki-wismote.a(msp430.o)   obj_wismote/contiki-wismote-main.o (msp430_cpu_init)
contiki-wismote.a(clock.o)    park.co (clock_init)
contiki-wismote.a(leds.o)     obj_wismote/contiki-wismote-main.o (leds_init)
contiki-wismote.a(leds-arch.o)
                              contiki-wismote.a(leds.o) (leds_arch_init)
contiki-wismote.a(watchdog.o)
                              obj_wismote/contiki-wismote-main.o (watchdog_start)
contiki-wismote.a(rtimer-arch.o)
                              obj_wismote/contiki-wismote-main.o (rtimer_arch_now)
contiki-wismote.a(autostart.o)
                              obj_wismote/contiki-wismote-main.o (autostart_start)
contiki-wismote.a(energest.o)
                              obj_wismote/contiki-wismote-main.o (energest_init)
contiki-wismote.a(etimer.o)   contiki-wismote.a(clock.o) (etimer_request_poll)
contiki-wismote.a(ctimer.o)   obj_wismote/contiki-wismote-main.o (ctimer_init)
contiki-wismote.a(process.o)  park.co (process_current)
contiki-wismote.a(rtimer.o)   obj_wismote/contiki-wismote-main.o (rtimer_init)
contiki-wismote.a(timer.o)    contiki-wismote.a(button-sensor.o) (timer_set)
contiki-wismote.a(list.o)     contiki-wismote.a(rest-engine.o) (list_init)
contiki-wismote.a(memb.o)     contiki-wismote.a(er-coap-transac) (memb_alloc)
contiki-wismote.a(random.o)   contiki-wismote.a(er-coap.o) (random_rand)
contiki-wismote.a(uip-ds6.o)  park.co (uip_ds6_addr_lookup)
contiki-wismote.a(uip-ds6-route.o)
                              contiki-wismote.a(uip-ds6.o) (uip_ds6_route_init)
contiki-wismote.a(uip6.o)     contiki-wismote.a(er-coap-engine.) (uip_aligned_buf)
contiki-wismote.a(uip-ds6-nbr.o)
                              contiki-wismote.a(uip-ds6.o) (uip_ds6_neighbors_init)
contiki-wismote.a(uip-nd6.o)  contiki-wismote.a(uip-ds6-nbr.o) (uip_nd6_ns_output)
contiki-wismote.a(sicslowpan.o)
                              obj_wismote/contiki-wismote-main.o (sicslowpan_driver)
contiki-wismote.a(uip-debug.o)
                              contiki-wismote.a(uip-ds6-route.o) (uip_debug_ipaddr_print)
contiki-wismote.a(uip-udp-packet.)
                              contiki-wismote.a(er-coap.o) (uip_udp_packet_send)
contiki-wismote.a(tcpip.o)    contiki-wismote.a(sicslowpan.o) (tcpip_set_outputfunc)
contiki-wismote.a(rpl-ext-header.)
                              contiki-wismote.a(uip6.o) (rpl_verify_header)
contiki-wismote.a(rpl.o)      contiki-wismote.a(uip-ds6-nbr.o) (rpl_link_neighbor_callback)
contiki-wismote.a(rpl-mrhof.o)
                              contiki-wismote.a(rpl.o) (rpl_mrhof)
contiki-wismote.a(rpl-dag.o)  contiki-wismote.a(rpl-mrhof.o) (rpl_get_nbr)
contiki-wismote.a(queuebuf.o)
                              obj_wismote/contiki-wismote-main.o (queuebuf_init)
contiki-wismote.a(nbr-table.o)
                              contiki-wismote.a(uip-ds6-route.o) (nbr_table_register)
contiki-wismote.a(packetbuf.o)
                              contiki-wismote.a(queuebuf.o) (packetbuf_copyto)
contiki-wismote.a(linkaddr.o)
                              obj_wismote/contiki-wismote-main.o (linkaddr_copy)
contiki-wismote.a(nullmac.o)  park.co (nullmac_driver)
contiki-wismote.a(nullrdc.o)  obj_wismote/contiki-wismote-main.o (nullrdc_driver)
contiki-wismote.a(framer-802154.o)
                              contiki-wismote.a(sicslowpan.o) (framer_802154)
contiki-wismote.a(frame802154.o)
                              contiki-wismote.a(framer-802154.o) (frame802154_hdrlen)
[...]
Memory Configuration

Name             Origin             Length             Attributes
sfr              0x0000000000000000 0x0000000000000010
peripheral_8bit  0x0000000000000010 0x00000000000000f0
peripheral_16bit 0x0000000000000100 0x0000000000000100
bsl              0x0000000000001000 0x0000000000000800
infomem          0x0000000000001800 0x0000000000000200
infod            0x0000000000001800 0x0000000000000080
infoc            0x0000000000001880 0x0000000000000080
infob            0x0000000000001900 0x0000000000000080
infoa            0x0000000000001980 0x0000000000000080
ram              0x0000000000001c00 0x0000000000004000 xw
rom              0x0000000000005c00 0x000000000000a380 xr
vectors          0x000000000000ff80 0x0000000000000080
far_rom          0x0000000000010000 0x0000000000035c00
ram2             0x0000000000000000 0x0000000000000000 xw
ram_mirror       0x0000000000000000 0x0000000000000000 xw
usbram           0x0000000000000000 0x0000000000000000 xw
*default*        0x0000000000000000 0xffffffffffffffff

Linker script and memory map

LOAD /opt/compilers/mspgcc-4.7.3/bin/../lib/gcc/msp430/4.7.3/mcpu-430x/mmpy-16/msr20/mc20/crt0ivtbl64.o
LOAD park.co
LOAD obj_wismote/parkevent.o
LOAD obj_wismote/dataLayer.o
LOAD obj_wismote/data.o
LOAD obj_wismote/helpers.o
LOAD obj_wismote/contiki-wismote-main.o
LOAD contiki-wismote.a
LOAD /opt/compilers/mspgcc-4.7.3/bin/../lib/gcc/msp430/4.7.3/mcpu-430x/mmpy-16/msr20/mc20/libgcc.a
LOAD /opt/compilers/mspgcc-4.7.3/bin/../lib/gcc/msp430/4.7.3/../../../../msp430/lib/mcpu-430x/mmpy-16/msr20/mc20/libc.a
LOAD /opt/compilers/mspgcc-4.7.3/bin/../lib/gcc/msp430/4.7.3/mcpu-430x/mmpy-16/msr20/mc20/libgcc.a
LOAD /opt/compilers/mspgcc-4.7.3/bin/../lib/gcc/msp430/4.7.3/mcpu-430x/mmpy-16/msr20/mc20/libcrt0.a
                0x0000000000000080                PROVIDE (__info_segment_size, 0x80)
                0x0000000000001800                PROVIDE (__infod, 0x1800)
                0x0000000000001880                PROVIDE (__infoc, 0x1880)
                0x0000000000001900                PROVIDE (__infob, 0x1900)
                0x0000000000001980                PROVIDE (__infoa, 0x1980)
                0x0000000000000700                __ADC12CTL0_L = 0x700
                0x0000000000000701                __ADC12CTL0_H = 0x701
                0x0000000000000700                __ADC12CTL0 = 0x700
                0x0000000000000702                __ADC12CTL1_L = 0x702
                0x0000000000000703                __ADC12CTL1_H = 0x703
                0x0000000000000702                __ADC12CTL1 = 0x702
                0x0000000000000704                __ADC12CTL2_L = 0x704
                0x0000000000000705                __ADC12CTL2_H = 0x705
                0x0000000000000704                __ADC12CTL2 = 0x704
                0x000000000000070a                __ADC12IFG_L = 0x70a
                0x000000000000070b                __ADC12IFG_H = 0x70b
                0x000000000000070a                __ADC12IFG = 0x70a
                0x000000000000070c                __ADC12IE_L = 0x70c
                0x000000000000070d                __ADC12IE_H = 0x70d
                0x000000000000070c                __ADC12IE = 0x70c
                0x000000000000070e                __ADC12IV_L = 0x70e
                0x000000000000070f                __ADC12IV_H = 0x70f
                0x000000000000070e                __ADC12IV = 0x70e
                0x0000000000000720                __ADC12MEM0_L = 0x720
                0x0000000000000721                __ADC12MEM0_H = 0x721
                0x0000000000000720                __ADC12MEM0 = 0x720
                0x0000000000000722                __ADC12MEM1_L = 0x722
                0x0000000000000723                __ADC12MEM1_H = 0x723
                0x0000000000000722                __ADC12MEM1 = 0x722
                0x0000000000000724                __ADC12MEM2_L = 0x724
                0x0000000000000725                __ADC12MEM2_H = 0x725
                0x0000000000000724                __ADC12MEM2 = 0x724
                0x0000000000000726                __ADC12MEM3_L = 0x726
                0x0000000000000727                __ADC12MEM3_H = 0x727
                0x0000000000000726                __ADC12MEM3 = 0x726
                0x0000000000000728                __ADC12MEM4_L = 0x728
                0x0000000000000729                __ADC12MEM4_H = 0x729
                0x0000000000000728                __ADC12MEM4 = 0x728
                0x000000000000072a                __ADC12MEM5_L = 0x72a
                0x000000000000072b                __ADC12MEM5_H = 0x72b
                0x000000000000072a                __ADC12MEM5 = 0x72a
                0x000000000000072c                __ADC12MEM6_L = 0x72c
                0x000000000000072d                __ADC12MEM6_H = 0x72d
                0x000000000000072c                __ADC12MEM6 = 0x72c
                0x000000000000072e                __ADC12MEM7_L = 0x72e
                0x000000000000072f                __ADC12MEM7_H = 0x72f
                0x000000000000072e                __ADC12MEM7 = 0x72e
                0x0000000000000730                __ADC12MEM8_L = 0x730
                0x0000000000000731                __ADC12MEM8_H = 0x731
                0x0000000000000730                __ADC12MEM8 = 0x730
                0x0000000000000732                __ADC12MEM9_L = 0x732
                0x0000000000000733                __ADC12MEM9_H = 0x733
                0x0000000000000732                __ADC12MEM9 = 0x732
                0x0000000000000734                __ADC12MEM10_L = 0x734
                0x0000000000000735                __ADC12MEM10_H = 0x735
                0x0000000000000734                __ADC12MEM10 = 0x734
                0x0000000000000736                __ADC12MEM11_L = 0x736
                0x0000000000000737                __ADC12MEM11_H = 0x737
                0x0000000000000736                __ADC12MEM11 = 0x736
                0x0000000000000738                __ADC12MEM12_L = 0x738
                0x0000000000000739                __ADC12MEM12_H = 0x739
                0x0000000000000738                __ADC12MEM12 = 0x738
                0x000000000000073a                __ADC12MEM13_L = 0x73a
                0x000000000000073b                __ADC12MEM13_H = 0x73b
                0x000000000000073a                __ADC12MEM13 = 0x73a
                0x000000000000073c                __ADC12MEM14_L = 0x73c
                0x000000000000073d                __ADC12MEM14_H = 0x73d
                0x000000000000073c                __ADC12MEM14 = 0x73c
                0x000000000000073e                __ADC12MEM15_L = 0x73e
                0x000000000000073f                __ADC12MEM15_H = 0x73f
                0x000000000000073e                __ADC12MEM15 = 0x73e
                0x0000000000000710                __ADC12MCTL0 = 0x710
                0x0000000000000711                __ADC12MCTL1 = 0x711
                0x0000000000000712                __ADC12MCTL2 = 0x712
                0x0000000000000713                __ADC12MCTL3 = 0x713
                0x0000000000000714                __ADC12MCTL4 = 0x714
                0x0000000000000715                __ADC12MCTL5 = 0x715
                0x0000000000000716                __ADC12MCTL6 = 0x716
                0x0000000000000717                __ADC12MCTL7 = 0x717
                0x0000000000000718                __ADC12MCTL8 = 0x718
                0x0000000000000719                __ADC12MCTL9 = 0x719
                0x000000000000071a                __ADC12MCTL10 = 0x71a
                0x000000000000071b                __ADC12MCTL11 = 0x71b
                0x000000000000071c                __ADC12MCTL12 = 0x71c
                0x000000000000071d                __ADC12MCTL13 = 0x71d
                0x000000000000071e                __ADC12MCTL14 = 0x71e
                0x000000000000071f                __ADC12MCTL15 = 0x71f
                0x0000000000000150                __CRCDI_L = 0x150
                0x0000000000000151                __CRCDI_H = 0x151
                0x0000000000000150                __CRCDI = 0x150
                0x0000000000000154                __CRCINIRES_L = 0x154
                0x0000000000000155                __CRCINIRES_H = 0x155
                0x0000000000000154                __CRCINIRES = 0x154
                0x0000000000000500                __DMACTL0_L = 0x500
                0x0000000000000501                __DMACTL0_H = 0x501
                0x0000000000000500                __DMACTL0 = 0x500
                0x0000000000000502                __DMACTL1_L = 0x502
                0x0000000000000503                __DMACTL1_H = 0x503
                0x0000000000000502                __DMACTL1 = 0x502
                0x0000000000000504                __DMACTL2_L = 0x504
                0x0000000000000505                __DMACTL2_H = 0x505
                0x0000000000000504                __DMACTL2 = 0x504
                0x0000000000000506                __DMACTL3_L = 0x506
                0x0000000000000507                __DMACTL3_H = 0x507
                0x0000000000000506                __DMACTL3 = 0x506
                0x0000000000000508                __DMACTL4_L = 0x508
                0x0000000000000509                __DMACTL4_H = 0x509
                0x0000000000000508                __DMACTL4 = 0x508
                0x000000000000050e                __DMAIV_L = 0x50e
                0x000000000000050f                __DMAIV_H = 0x50f
                0x000000000000050e                __DMAIV = 0x50e
                0x0000000000000510                __DMA0CTL_L = 0x510
                0x0000000000000511                __DMA0CTL_H = 0x511
                0x0000000000000510                __DMA0CTL = 0x510
                0x0000000000000512                __DMA0SA = 0x512
                0x0000000000000516                __DMA0DA = 0x516
                0x000000000000051a                __DMA0SZ = 0x51a
                0x0000000000000520                __DMA1CTL_L = 0x520
                0x0000000000000521                __DMA1CTL_H = 0x521
                0x0000000000000520                __DMA1CTL = 0x520
                0x0000000000000522                __DMA1SA = 0x522
                0x0000000000000526                __DMA1DA = 0x526
                0x000000000000052a                __DMA1SZ = 0x52a
                0x0000000000000530                __DMA2CTL_L = 0x530
                0x0000000000000531                __DMA2CTL_H = 0x531
                0x0000000000000530                __DMA2CTL = 0x530
                0x0000000000000532                __DMA2SA = 0x532
                0x0000000000000536                __DMA2DA = 0x536
                0x000000000000053a                __DMA2SZ = 0x53a
                0x0000000000000140                __FCTL1_L = 0x140
                0x0000000000000141                __FCTL1_H = 0x141
                0x0000000000000140                __FCTL1 = 0x140
                0x0000000000000144                __FCTL3_L = 0x144
                0x0000000000000145                __FCTL3_H = 0x145
                0x0000000000000144                __FCTL3 = 0x144
                0x0000000000000146                __FCTL4_L = 0x146
                0x0000000000000147                __FCTL4_H = 0x147
                0x0000000000000146                __FCTL4 = 0x146
                0x00000000000004c0                __MPY_L = 0x4c0
                0x00000000000004c1                __MPY_H = 0x4c1
                0x00000000000004c0                __MPY = 0x4c0
                0x00000000000004c2                __MPYS_L = 0x4c2
                0x00000000000004c3                __MPYS_H = 0x4c3
                0x00000000000004c2                __MPYS = 0x4c2
                0x00000000000004c4                __MAC_L = 0x4c4
                0x00000000000004c5                __MAC_H = 0x4c5
                0x00000000000004c4                __MAC = 0x4c4
                0x00000000000004c6                __MACS_L = 0x4c6
                0x00000000000004c7                __MACS_H = 0x4c7
                0x00000000000004c6                __MACS = 0x4c6
                0x00000000000004c8                __OP2_L = 0x4c8
                0x00000000000004c9                __OP2_H = 0x4c9
                0x00000000000004c8                __OP2 = 0x4c8
                0x00000000000004ca                __RESLO_L = 0x4ca
                0x00000000000004cb                __RESLO_H = 0x4cb
                0x00000000000004ca                __RESLO = 0x4ca
                0x00000000000004cc                __RESHI_L = 0x4cc
                0x00000000000004cd                __RESHI_H = 0x4cd
                0x00000000000004cc                __RESHI = 0x4cc
                0x00000000000004ce                __SUMEXT_L = 0x4ce
                0x00000000000004cf                __SUMEXT_H = 0x4cf
                0x00000000000004ce                __SUMEXT = 0x4ce
                0x00000000000004d0                __MPY32L_L = 0x4d0
                0x00000000000004d1                __MPY32L_H = 0x4d1
                0x00000000000004d0                __MPY32L = 0x4d0
                0x00000000000004d2                __MPY32H_L = 0x4d2
                0x00000000000004d3                __MPY32H_H = 0x4d3
                0x00000000000004d2                __MPY32H = 0x4d2
                0x00000000000004d4                __MPYS32L_L = 0x4d4
                0x00000000000004d5                __MPYS32L_H = 0x4d5
                0x00000000000004d4                __MPYS32L = 0x4d4
                0x00000000000004d6                __MPYS32H_L = 0x4d6
                0x00000000000004d7                __MPYS32H_H = 0x4d7
                0x00000000000004d6                __MPYS32H = 0x4d6
                0x00000000000004d8                __MAC32L_L = 0x4d8
                0x00000000000004d9                __MAC32L_H = 0x4d9
                0x00000000000004d8                __MAC32L = 0x4d8
                0x00000000000004da                __MAC32H_L = 0x4da
                0x00000000000004db                __MAC32H_H = 0x4db
                0x00000000000004da                __MAC32H = 0x4da
                0x00000000000004dc                __MACS32L_L = 0x4dc
                0x00000000000004dd                __MACS32L_H = 0x4dd
                0x00000000000004dc                __MACS32L = 0x4dc
                0x00000000000004de                __MACS32H_L = 0x4de
                0x00000000000004df                __MACS32H_H = 0x4df
                0x00000000000004de                __MACS32H = 0x4de
                0x00000000000004e0                __OP2L_L = 0x4e0
                0x00000000000004e1                __OP2L_H = 0x4e1
                0x00000000000004e0                __OP2L = 0x4e0
                0x00000000000004e2                __OP2H_L = 0x4e2
                0x00000000000004e3                __OP2H_H = 0x4e3
                0x00000000000004e2                __OP2H = 0x4e2
                0x00000000000004e4                __RES0_L = 0x4e4
                0x00000000000004e5                __RES0_H = 0x4e5
                0x00000000000004e4                __RES0 = 0x4e4
                0x00000000000004e6                __RES1_L = 0x4e6
                0x00000000000004e7                __RES1_H = 0x4e7
                0x00000000000004e6                __RES1 = 0x4e6
                0x00000000000004e8                __RES2_L = 0x4e8
                0x00000000000004e9                __RES2_H = 0x4e9
                0x00000000000004e8                __RES2 = 0x4e8
                0x00000000000004ea                __RES3_L = 0x4ea
                0x00000000000004eb                __RES3_H = 0x4eb
                0x00000000000004ea                __RES3 = 0x4ea
                0x00000000000004ec                __MPY32CTL0_L = 0x4ec
                0x00000000000004ed                __MPY32CTL0_H = 0x4ed
                0x00000000000004ec                __MPY32CTL0 = 0x4ec
                0x0000000000000200                __PAIN_L = 0x200
                0x0000000000000201                __PAIN_H = 0x201
                0x0000000000000200                __PAIN = 0x200
                0x0000000000000202                __PAOUT_L = 0x202
                0x0000000000000203                __PAOUT_H = 0x203
                0x0000000000000202                __PAOUT = 0x202
                0x0000000000000204                __PADIR_L = 0x204
                0x0000000000000205                __PADIR_H = 0x205
                0x0000000000000204                __PADIR = 0x204
                0x0000000000000206                __PAREN_L = 0x206
                0x0000000000000207                __PAREN_H = 0x207
                0x0000000000000206                __PAREN = 0x206
                0x0000000000000208                __PADS_L = 0x208
                0x0000000000000209                __PADS_H = 0x209
                0x0000000000000208                __PADS = 0x208
                0x000000000000020a                __PASEL_L = 0x20a
                0x000000000000020b                __PASEL_H = 0x20b
                0x000000000000020a                __PASEL = 0x20a
                0x0000000000000218                __PAIES_L = 0x218
                0x0000000000000219                __PAIES_H = 0x219
                0x0000000000000218                __PAIES = 0x218
                0x000000000000021a                __PAIE_L = 0x21a
                0x000000000000021b                __PAIE_H = 0x21b
                0x000000000000021a                __PAIE = 0x21a
                0x000000000000021c                __PAIFG_L = 0x21c
                0x000000000000021d                __PAIFG_H = 0x21d
                0x000000000000021c                __PAIFG = 0x21c
                0x000000000000020e                __P1IV = 0x20e
                0x000000000000021e                __P2IV = 0x21e
                0x0000000000000220                __PBIN_L = 0x220
                0x0000000000000221                __PBIN_H = 0x221
                0x0000000000000220                __PBIN = 0x220
                0x0000000000000222                __PBOUT_L = 0x222
                0x0000000000000223                __PBOUT_H = 0x223
                0x0000000000000222                __PBOUT = 0x222
                0x0000000000000224                __PBDIR_L = 0x224
                0x0000000000000225                __PBDIR_H = 0x225
                0x0000000000000224                __PBDIR = 0x224
                0x0000000000000226                __PBREN_L = 0x226
                0x0000000000000227                __PBREN_H = 0x227
                0x0000000000000226                __PBREN = 0x226
                0x0000000000000228                __PBDS_L = 0x228
                0x0000000000000229                __PBDS_H = 0x229
                0x0000000000000228                __PBDS = 0x228
                0x000000000000022a                __PBSEL_L = 0x22a
                0x000000000000022b                __PBSEL_H = 0x22b
                0x000000000000022a                __PBSEL = 0x22a
                0x0000000000000240                __PCIN_L = 0x240
                0x0000000000000241                __PCIN_H = 0x241
                0x0000000000000240                __PCIN = 0x240
                0x0000000000000242                __PCOUT_L = 0x242
                0x0000000000000243                __PCOUT_H = 0x243
                0x0000000000000242                __PCOUT = 0x242
                0x0000000000000244                __PCDIR_L = 0x244
                0x0000000000000245                __PCDIR_H = 0x245
                0x0000000000000244                __PCDIR = 0x244
                0x0000000000000246                __PCREN_L = 0x246
                0x0000000000000247                __PCREN_H = 0x247
                0x0000000000000246                __PCREN = 0x246
                0x0000000000000248                __PCDS_L = 0x248
                0x0000000000000249                __PCDS_H = 0x249
                0x0000000000000248                __PCDS = 0x248
                0x000000000000024a                __PCSEL_L = 0x24a
                0x000000000000024b                __PCSEL_H = 0x24b
                0x000000000000024a                __PCSEL = 0x24a
                0x0000000000000260                __PDIN_L = 0x260
                0x0000000000000261                __PDIN_H = 0x261
                0x0000000000000260                __PDIN = 0x260
                0x0000000000000262                __PDOUT_L = 0x262
                0x0000000000000263                __PDOUT_H = 0x263
                0x0000000000000262                __PDOUT = 0x262
                0x0000000000000264                __PDDIR_L = 0x264
                0x0000000000000265                __PDDIR_H = 0x265
                0x0000000000000264                __PDDIR = 0x264
                0x0000000000000266                __PDREN_L = 0x266
                0x0000000000000267                __PDREN_H = 0x267
                0x0000000000000266                __PDREN = 0x266
                0x0000000000000268                __PDDS_L = 0x268
                0x0000000000000269                __PDDS_H = 0x269
                0x0000000000000268                __PDDS = 0x268
                0x000000000000026a                __PDSEL_L = 0x26a
                0x000000000000026b                __PDSEL_H = 0x26b
                0x000000000000026a                __PDSEL = 0x26a
                0x0000000000000280                __PEIN_L = 0x280
                0x0000000000000281                __PEIN_H = 0x281
                0x0000000000000280                __PEIN = 0x280
                0x0000000000000282                __PEOUT_L = 0x282
                0x0000000000000283                __PEOUT_H = 0x283
                0x0000000000000282                __PEOUT = 0x282
                0x0000000000000284                __PEDIR_L = 0x284
                0x0000000000000285                __PEDIR_H = 0x285
                0x0000000000000284                __PEDIR = 0x284
                0x0000000000000286                __PEREN_L = 0x286
                0x0000000000000287                __PEREN_H = 0x287
                0x0000000000000286                __PEREN = 0x286
                0x0000000000000288                __PEDS_L = 0x288
                0x0000000000000289                __PEDS_H = 0x289
                0x0000000000000288                __PEDS = 0x288
                0x000000000000028a                __PESEL_L = 0x28a
                0x000000000000028b                __PESEL_H = 0x28b
                0x000000000000028a                __PESEL = 0x28a
                0x00000000000002a0                __PFIN_L = 0x2a0
                0x00000000000002a1                __PFIN_H = 0x2a1
                0x00000000000002a0                __PFIN = 0x2a0
                0x00000000000002a2                __PFOUT_L = 0x2a2
                0x00000000000002a3                __PFOUT_H = 0x2a3
                0x00000000000002a2                __PFOUT = 0x2a2
                0x00000000000002a4                __PFDIR_L = 0x2a4
                0x00000000000002a5                __PFDIR_H = 0x2a5
                0x00000000000002a4                __PFDIR = 0x2a4
                0x00000000000002a6                __PFREN_L = 0x2a6
                0x00000000000002a7                __PFREN_H = 0x2a7
                0x00000000000002a6                __PFREN = 0x2a6
                0x00000000000002a8                __PFDS_L = 0x2a8
                0x00000000000002a9                __PFDS_H = 0x2a9
                0x00000000000002a8                __PFDS = 0x2a8
                0x00000000000002aa                __PFSEL_L = 0x2aa
                0x00000000000002ab                __PFSEL_H = 0x2ab
                0x00000000000002aa                __PFSEL = 0x2aa
                0x0000000000000320                __PJIN_L = 0x320
                0x0000000000000321                __PJIN_H = 0x321
                0x0000000000000320                __PJIN = 0x320
                0x0000000000000322                __PJOUT_L = 0x322
                0x0000000000000323                __PJOUT_H = 0x323
                0x0000000000000322                __PJOUT = 0x322
                0x0000000000000324                __PJDIR_L = 0x324
                0x0000000000000325                __PJDIR_H = 0x325
                0x0000000000000324                __PJDIR = 0x324
                0x0000000000000326                __PJREN_L = 0x326
                0x0000000000000327                __PJREN_H = 0x327
                0x0000000000000326                __PJREN = 0x326
                0x0000000000000328                __PJDS_L = 0x328
                0x0000000000000329                __PJDS_H = 0x329
                0x0000000000000328                __PJDS = 0x328
                0x0000000000000120                __PMMCTL0_L = 0x120
                0x0000000000000121                __PMMCTL0_H = 0x121
                0x0000000000000120                __PMMCTL0 = 0x120
                0x0000000000000122                __PMMCTL1_L = 0x122
                0x0000000000000123                __PMMCTL1_H = 0x123
                0x0000000000000122                __PMMCTL1 = 0x122
                0x0000000000000124                __SVSMHCTL_L = 0x124
                0x0000000000000125                __SVSMHCTL_H = 0x125
                0x0000000000000124                __SVSMHCTL = 0x124
                0x0000000000000126                __SVSMLCTL_L = 0x126
                0x0000000000000127                __SVSMLCTL_H = 0x127
                0x0000000000000126                __SVSMLCTL = 0x126
                0x0000000000000128                __SVSMIO_L = 0x128
                0x0000000000000129                __SVSMIO_H = 0x129
                0x0000000000000128                __SVSMIO = 0x128
                0x000000000000012c                __PMMIFG_L = 0x12c
                0x000000000000012d                __PMMIFG_H = 0x12d
                0x000000000000012c                __PMMIFG = 0x12c
                0x000000000000012e                __PMMRIE_L = 0x12e
                0x000000000000012f                __PMMRIE_H = 0x12f
                0x000000000000012e                __PMMRIE = 0x12e
                0x0000000000000158                __RCCTL0_L = 0x158
                0x0000000000000159                __RCCTL0_H = 0x159
                0x0000000000000158                __RCCTL0 = 0x158
                0x00000000000004a0                __RTCCTL01_L = 0x4a0
                0x00000000000004a1                __RTCCTL01_H = 0x4a1
                0x00000000000004a0                __RTCCTL01 = 0x4a0
                0x00000000000004a2                __RTCCTL23_L = 0x4a2
                0x00000000000004a3                __RTCCTL23_H = 0x4a3
                0x00000000000004a2                __RTCCTL23 = 0x4a2
                0x00000000000004a8                __RTCPS0CTL_L = 0x4a8
                0x00000000000004a9                __RTCPS0CTL_H = 0x4a9
                0x00000000000004a8                __RTCPS0CTL = 0x4a8
                0x00000000000004aa                __RTCPS1CTL_L = 0x4aa
                0x00000000000004ab                __RTCPS1CTL_H = 0x4ab
                0x00000000000004aa                __RTCPS1CTL = 0x4aa
                0x00000000000004ac                __RTCPS_L = 0x4ac
                0x00000000000004ad                __RTCPS_H = 0x4ad
                0x00000000000004ac                __RTCPS = 0x4ac
                0x00000000000004ae                __RTCIV = 0x4ae
                0x00000000000004b0                __RTCTIM0_L = 0x4b0
                0x00000000000004b1                __RTCTIM0_H = 0x4b1
                0x00000000000004b0                __RTCTIM0 = 0x4b0
                0x00000000000004b2                __RTCTIM1_L = 0x4b2
                0x00000000000004b3                __RTCTIM1_H = 0x4b3
                0x00000000000004b2                __RTCTIM1 = 0x4b2
                0x00000000000004b4                __RTCDATE_L = 0x4b4
                0x00000000000004b5                __RTCDATE_H = 0x4b5
                0x00000000000004b4                __RTCDATE = 0x4b4
                0x00000000000004b6                __RTCYEAR_L = 0x4b6
                0x00000000000004b7                __RTCYEAR_H = 0x4b7
                0x00000000000004b6                __RTCYEAR = 0x4b6
                0x00000000000004b8                __RTCAMINHR_L = 0x4b8
                0x00000000000004b9                __RTCAMINHR_H = 0x4b9
                0x00000000000004b8                __RTCAMINHR = 0x4b8
                0x00000000000004ba                __RTCADOWDAY_L = 0x4ba
                0x00000000000004bb                __RTCADOWDAY_H = 0x4bb
                0x00000000000004ba                __RTCADOWDAY = 0x4ba
                0x0000000000000100                __SFRIE1_L = 0x100
                0x0000000000000101                __SFRIE1_H = 0x101
                0x0000000000000100                __SFRIE1 = 0x100
                0x0000000000000102                __SFRIFG1_L = 0x102
                0x0000000000000103                __SFRIFG1_H = 0x103
                0x0000000000000102                __SFRIFG1 = 0x102
                0x0000000000000104                __SFRRPCR_L = 0x104
                0x0000000000000105                __SFRRPCR_H = 0x105
                0x0000000000000104                __SFRRPCR = 0x104
                0x0000000000000180                __SYSCTL_L = 0x180
                0x0000000000000181                __SYSCTL_H = 0x181
                0x0000000000000180                __SYSCTL = 0x180
                0x0000000000000182                __SYSBSLC_L = 0x182
                0x0000000000000183                __SYSBSLC_H = 0x183
                0x0000000000000182                __SYSBSLC = 0x182
                0x0000000000000186                __SYSJMBC_L = 0x186
                0x0000000000000187                __SYSJMBC_H = 0x187
                0x0000000000000186                __SYSJMBC = 0x186
                0x0000000000000188                __SYSJMBI0_L = 0x188
                0x0000000000000189                __SYSJMBI0_H = 0x189
                0x0000000000000188                __SYSJMBI0 = 0x188
                0x000000000000018a                __SYSJMBI1_L = 0x18a
                0x000000000000018b                __SYSJMBI1_H = 0x18b
                0x000000000000018a                __SYSJMBI1 = 0x18a
                0x000000000000018c                __SYSJMBO0_L = 0x18c
                0x000000000000018d                __SYSJMBO0_H = 0x18d
                0x000000000000018c                __SYSJMBO0 = 0x18c
                0x000000000000018e                __SYSJMBO1_L = 0x18e
                0x000000000000018f                __SYSJMBO1_H = 0x18f
                0x000000000000018e                __SYSJMBO1 = 0x18e
                0x000000000000019a                __SYSUNIV_L = 0x19a
                0x000000000000019b                __SYSUNIV_H = 0x19b
                0x000000000000019a                __SYSUNIV = 0x19a
                0x000000000000019c                __SYSSNIV_L = 0x19c
                0x000000000000019d                __SYSSNIV_H = 0x19d
                0x000000000000019c                __SYSSNIV = 0x19c
                0x000000000000019e                __SYSRSTIV_L = 0x19e
                0x000000000000019f                __SYSRSTIV_H = 0x19f
                0x000000000000019e                __SYSRSTIV = 0x19e
                0x0000000000000340                __TA0CTL = 0x340
                0x0000000000000342                __TA0CCTL0 = 0x342
                0x0000000000000344                __TA0CCTL1 = 0x344
                0x0000000000000346                __TA0CCTL2 = 0x346
                0x0000000000000348                __TA0CCTL3 = 0x348
                0x000000000000034a                __TA0CCTL4 = 0x34a
                0x0000000000000350                __TA0R = 0x350
                0x0000000000000352                __TA0CCR0 = 0x352
                0x0000000000000354                __TA0CCR1 = 0x354
                0x0000000000000356                __TA0CCR2 = 0x356
                0x0000000000000358                __TA0CCR3 = 0x358
                0x000000000000035a                __TA0CCR4 = 0x35a
                0x000000000000036e                __TA0IV = 0x36e
                0x0000000000000360                __TA0EX0 = 0x360
                0x0000000000000380                __TA1CTL = 0x380
                0x0000000000000382                __TA1CCTL0 = 0x382
                0x0000000000000384                __TA1CCTL1 = 0x384
                0x0000000000000386                __TA1CCTL2 = 0x386
                0x0000000000000390                __TA1R = 0x390
                0x0000000000000392                __TA1CCR0 = 0x392
                0x0000000000000394                __TA1CCR1 = 0x394
                0x0000000000000396                __TA1CCR2 = 0x396
                0x00000000000003ae                __TA1IV = 0x3ae
                0x00000000000003a0                __TA1EX0 = 0x3a0
                0x00000000000003c0                __TB0CTL = 0x3c0
                0x00000000000003c2                __TB0CCTL0 = 0x3c2
                0x00000000000003c4                __TB0CCTL1 = 0x3c4
                0x00000000000003c6                __TB0CCTL2 = 0x3c6
                0x00000000000003c8                __TB0CCTL3 = 0x3c8
                0x00000000000003ca                __TB0CCTL4 = 0x3ca
                0x00000000000003cc                __TB0CCTL5 = 0x3cc
                0x00000000000003ce                __TB0CCTL6 = 0x3ce
                0x00000000000003d0                __TB0R = 0x3d0
                0x00000000000003d2                __TB0CCR0 = 0x3d2
                0x00000000000003d4                __TB0CCR1 = 0x3d4
                0x00000000000003d6                __TB0CCR2 = 0x3d6
                0x00000000000003d8                __TB0CCR3 = 0x3d8
                0x00000000000003da                __TB0CCR4 = 0x3da
                0x00000000000003dc                __TB0CCR5 = 0x3dc
                0x00000000000003de                __TB0CCR6 = 0x3de
                0x00000000000003e0                __TB0EX0 = 0x3e0
                0x00000000000003ee                __TB0IV = 0x3ee
                0x0000000000000160                __UCSCTL0_L = 0x160
                0x0000000000000161                __UCSCTL0_H = 0x161
                0x0000000000000160                __UCSCTL0 = 0x160
                0x0000000000000162                __UCSCTL1_L = 0x162
                0x0000000000000163                __UCSCTL1_H = 0x163
                0x0000000000000162                __UCSCTL1 = 0x162
                0x0000000000000164                __UCSCTL2_L = 0x164
                0x0000000000000165                __UCSCTL2_H = 0x165
                0x0000000000000164                __UCSCTL2 = 0x164
                0x0000000000000166                __UCSCTL3_L = 0x166
                0x0000000000000167                __UCSCTL3_H = 0x167
                0x0000000000000166                __UCSCTL3 = 0x166
                0x0000000000000168                __UCSCTL4_L = 0x168
                0x0000000000000169                __UCSCTL4_H = 0x169
                0x0000000000000168                __UCSCTL4 = 0x168
                0x000000000000016a                __UCSCTL5_L = 0x16a
                0x000000000000016b                __UCSCTL5_H = 0x16b
                0x000000000000016a                __UCSCTL5 = 0x16a
                0x000000000000016c                __UCSCTL6_L = 0x16c
                0x000000000000016d                __UCSCTL6_H = 0x16d
                0x000000000000016c                __UCSCTL6 = 0x16c
                0x000000000000016e                __UCSCTL7_L = 0x16e
                0x000000000000016f                __UCSCTL7_H = 0x16f
                0x000000000000016e                __UCSCTL7 = 0x16e
                0x0000000000000170                __UCSCTL8_L = 0x170
                0x0000000000000171                __UCSCTL8_H = 0x171
                0x0000000000000170                __UCSCTL8 = 0x170
                0x00000000000005c0                __UCA0CTLW0_L = 0x5c0
                0x00000000000005c1                __UCA0CTLW0_H = 0x5c1
                0x00000000000005c0                __UCA0CTLW0 = 0x5c0
                0x00000000000005c6                __UCA0BRW_L = 0x5c6
                0x00000000000005c7                __UCA0BRW_H = 0x5c7
                0x00000000000005c6                __UCA0BRW = 0x5c6
                0x00000000000005c8                __UCA0MCTL = 0x5c8
                0x00000000000005ca                __UCA0STAT = 0x5ca
                0x00000000000005cc                __UCA0RXBUF = 0x5cc
                0x00000000000005ce                __UCA0TXBUF = 0x5ce
                0x00000000000005d0                __UCA0ABCTL = 0x5d0
                0x00000000000005d2                __UCA0IRCTL_L = 0x5d2
                0x00000000000005d3                __UCA0IRCTL_H = 0x5d3
                0x00000000000005d2                __UCA0IRCTL = 0x5d2
                0x00000000000005dc                __UCA0ICTL_L = 0x5dc
                0x00000000000005dd                __UCA0ICTL_H = 0x5dd
                0x00000000000005dc                __UCA0ICTL = 0x5dc
                0x00000000000005de                __UCA0IV = 0x5de
                0x00000000000005e0                __UCB0CTLW0_L = 0x5e0
                0x00000000000005e1                __UCB0CTLW0_H = 0x5e1
                0x00000000000005e0                __UCB0CTLW0 = 0x5e0
                0x00000000000005e6                __UCB0BRW_L = 0x5e6
                0x00000000000005e7                __UCB0BRW_H = 0x5e7
                0x00000000000005e6                __UCB0BRW = 0x5e6
                0x00000000000005ea                __UCB0STAT = 0x5ea
                0x00000000000005ec                __UCB0RXBUF = 0x5ec
                0x00000000000005ee                __UCB0TXBUF = 0x5ee
                0x00000000000005f0                __UCB0I2COA_L = 0x5f0
                0x00000000000005f1                __UCB0I2COA_H = 0x5f1
                0x00000000000005f0                __UCB0I2COA = 0x5f0
                0x00000000000005f2                __UCB0I2CSA_L = 0x5f2
                0x00000000000005f3                __UCB0I2CSA_H = 0x5f3
                0x00000000000005f2                __UCB0I2CSA = 0x5f2
                0x00000000000005fc                __UCB0ICTL_L = 0x5fc
                0x00000000000005fd                __UCB0ICTL_H = 0x5fd
                0x00000000000005fc                __UCB0ICTL = 0x5fc
                0x00000000000005fe                __UCB0IV = 0x5fe
                0x0000000000000600                __UCA1CTLW0_L = 0x600
                0x0000000000000601                __UCA1CTLW0_H = 0x601
                0x0000000000000600                __UCA1CTLW0 = 0x600
                0x0000000000000606                __UCA1BRW_L = 0x606
                0x0000000000000607                __UCA1BRW_H = 0x607
                0x0000000000000606                __UCA1BRW = 0x606
                0x0000000000000608                __UCA1MCTL = 0x608
                0x000000000000060a                __UCA1STAT = 0x60a
                0x000000000000060c                __UCA1RXBUF = 0x60c
                0x000000000000060e                __UCA1TXBUF = 0x60e
                0x0000000000000610                __UCA1ABCTL = 0x610
                0x0000000000000612                __UCA1IRCTL_L = 0x612
                0x0000000000000613                __UCA1IRCTL_H = 0x613
                0x0000000000000612                __UCA1IRCTL = 0x612
                0x000000000000061c                __UCA1ICTL_L = 0x61c
                0x000000000000061d                __UCA1ICTL_H = 0x61d
                0x000000000000061c                __UCA1ICTL = 0x61c
                0x000000000000061e                __UCA1IV = 0x61e
                0x0000000000000620                __UCB1CTLW0_L = 0x620
                0x0000000000000621                __UCB1CTLW0_H = 0x621
                0x0000000000000620                __UCB1CTLW0 = 0x620
                0x0000000000000626                __UCB1BRW_L = 0x626
                0x0000000000000627                __UCB1BRW_H = 0x627
                0x0000000000000626                __UCB1BRW = 0x626
                0x000000000000062a                __UCB1STAT = 0x62a
                0x000000000000062c                __UCB1RXBUF = 0x62c
                0x000000000000062e                __UCB1TXBUF = 0x62e
                0x0000000000000630                __UCB1I2COA_L = 0x630
                0x0000000000000631                __UCB1I2COA_H = 0x631
                0x0000000000000630                __UCB1I2COA = 0x630
                0x0000000000000632                __UCB1I2CSA_L = 0x632
                0x0000000000000633                __UCB1I2CSA_H = 0x633
                0x0000000000000632                __UCB1I2CSA = 0x632
                0x000000000000063c                __UCB1ICTL_L = 0x63c
                0x000000000000063d                __UCB1ICTL_H = 0x63d
                0x000000000000063c                __UCB1ICTL = 0x63c
                0x000000000000063e                __UCB1IV = 0x63e
                0x000000000000015c                __WDTCTL_L = 0x15c
                0x000000000000015d                __WDTCTL_H = 0x15d
                0x000000000000015c                __WDTCTL = 0x15c

.hash
 *(.hash)

.dynsym
 *(.dynsym)

.dynstr
 *(.dynstr)

.gnu.version
 *(.gnu.version)

.gnu.version_d
 *(.gnu.version_d)

.gnu.version_r
 *(.gnu.version_r)

.rel.init
 *(.rel.init)

.rela.init
 *(.rela.init)

.rel.fini
 *(.rel.fini)

.rela.fini
 *(.rela.fini)

.rel.text
 *(.rel.text .rel.text.* .rel.gnu.linkonce.t.*)

.rela.text
 *(.rela.text .rela.text.* .rela.gnu.linkonce.t.*)

.rel.rodata
 *(.rel.rodata .rel.rodata.* .rel.gnu.linkonce.r.*)

.rela.rodata
 *(.rela.rodata .rela.rodata.* .rela.gnu.linkonce.r.*)

.rel.data
 *(.rel.data .rel.data.* .rel.gnu.linkonce.d.*)

.rela.data
 *(.rela.data .rela.data.* .rela.gnu.linkonce.d.*)

.rel.bss
 *(.rel.bss .rel.bss.* .rel.gnu.linkonce.b.*)

.rela.bss
 *(.rela.bss .rela.bss.* .rela.gnu.linkonce.b.*)

.rel.ctors
 *(.rel.ctors)

.rela.ctors
 *(.rela.ctors)

.rel.dtors
 *(.rel.dtors)

.rela.dtors
 *(.rela.dtors)

.rel.got
 *(.rel.got)

.rela.got
 *(.rela.got)

.rel.plt
 *(.rel.plt)

.rela.plt
 *(.rela.plt)

.text           0x0000000000005c00     0x8b1a
                0x0000000000005c00                . = ALIGN (0x2)
 *(.init .init.*)
 *(.init0)
 .init0         0x0000000000005c00        0x0 /opt/compilers/mspgcc-4.7.3/bin/../lib/gcc/msp430/4.7.3/mcpu-430x/mmpy-16/msr20/mc20/libcrt0.a(_reset_vector__.o)
                0x0000000000005c00                _reset_vector__
 *(.init1)
 .init1         0x0000000000005c00        0xc /opt/compilers/mspgcc-4.7.3/bin/../lib/gcc/msp430/4.7.3/mcpu-430x/mmpy-16/msr20/mc20/libcrt0.a(__watchdog_support.o)
                0x0000000000005c00                __watchdog_support
 *(.init2)
 .init2         0x0000000000005c0c        0x4 /opt/compilers/mspgcc-4.7.3/bin/../lib/gcc/msp430/4.7.3/mcpu-430x/mmpy-16/msr20/mc20/libcrt0.a(__init_stack.o)
                0x0000000000005c0c                __init_stack
 *(.init3)
 .init3         0x0000000000005c10        0x0 /opt/compilers/mspgcc-4.7.3/bin/../lib/gcc/msp430/4.7.3/mcpu-430x/mmpy-16/msr20/mc20/libcrt0.a(__low_level_init.o)
                0x0000000000005c10                __low_level_init
 *(.init4)
 .init4         0x0000000000005c10       0x18 /opt/compilers/mspgcc-4.7.3/bin/../lib/gcc/msp430/4.7.3/mcpu-430x/mmpy-16/msr20/mc20/libcrt0.a(_copy_data.o)
                0x0000000000005c10                __do_copy_data
 .init4         0x0000000000005c28       0x16 /opt/compilers/mspgcc-4.7.3/bin/../lib/gcc/msp430/4.7.3/mcpu-430x/mmpy-16/msr20/mc20/libcrt0.a(_clear_bss.o)
                0x0000000000005c28                __do_clear_bss
 *(.init5)
 *(.init6)
 *(.init7)
 *(.init8)
 *(.init9)
 .init9         0x0000000000005c3e      0x32a obj_wismote/contiki-wismote-main.o
                0x0000000000005c3e                main
 *(.fini9)
 .fini9         0x0000000000005f68        0x0 /opt/compilers/mspgcc-4.7.3/bin/../lib/gcc/msp430/4.7.3/mcpu-430x/mmpy-16/msr20/mc20/libcrt0.a(__stop_progExec__.o)
                0x0000000000005f68                __stop_progExec__
 *(.fini8)
 *(.fini7)
 *(.fini6)
 *(.fini5)
 *(.fini4)
 *(.fini3)
 *(.fini2)
 *(.fini1)
 *(.fini0)
 .fini0         0x0000000000005f68        0x6 /opt/compilers/mspgcc-4.7.3/bin/../lib/gcc/msp430/4.7.3/mcpu-430x/mmpy-16/msr20/mc20/libcrt0.a(_endless_loop__.o)
                0x0000000000005f68                _endless_loop__
 *(.fini .fini.*)
                0x0000000000005f6e                . = ALIGN (0x2)
                0x0000000000005f6e                __ctors_start = .
 *(.ctors)
                0x0000000000005f6e                __ctors_end = .
                0x0000000000005f6e                __dtors_start = .
 *(.dtors)
                0x0000000000005f6e                __dtors_end = .
                0x0000000000005f6e                . = ALIGN (0x2)
 *(.text .text.* .gnu.linkonce.t.*)
 .text          0x0000000000005f6e        0x4 /opt/compilers/mspgcc-4.7.3/bin/../lib/gcc/msp430/4.7.3/mcpu-430x/mmpy-16/msr20/mc20/crt0ivtbl64.o
                0x0000000000005f6e                __isr_37
                0x0000000000005f6e                __isr_51
                0x0000000000005f6e                __isr_57
                0x0000000000005f6e                __isr_33
                0x0000000000005f6e                __isr_32
                0x0000000000005f6e                __isr_54
                0x0000000000005f6e                __isr_59
                0x0000000000005f6e                __isr_39
                0x0000000000005f6e                __isr_53
                0x0000000000005f6e                __isr_41
                0x0000000000005f6e                __isr_60
                0x0000000000005f6e                __isr_36
                0x0000000000005f6e                __isr_34
                0x0000000000005f6e                __isr_44
                0x0000000000005f6e                __isr_61
                0x0000000000005f6e                __isr_55
                0x0000000000005f6e                __isr_43
                0x0000000000005f6e                __isr_50
                0x0000000000005f6e                __isr_56
                0x0000000000005f6e                __isr_38
                0x0000000000005f6e                __isr_35
                0x0000000000005f6e                __isr_45
                0x0000000000005f6e                __isr_62
                0x0000000000005f6e                __isr_52
                0x0000000000005f6e                __isr_40
 .text.libgcc   0x0000000000005f72       0x22 /opt/compilers/mspgcc-4.7.3/bin/../lib/gcc/msp430/4.7.3/mcpu-430x/mmpy-16/msr20/mc20/libgcc.a(_udivmod16.o)
                0x0000000000005f72                __udivhi3
                0x0000000000005f72                __ext_udivmod16
                0x0000000000005f8c                __umodhi3
 .text.libgcc   0x0000000000005f94       0x3a /opt/compilers/mspgcc-4.7.3/bin/../lib/gcc/msp430/4.7.3/mcpu-430x/mmpy-16/msr20/mc20/libgcc.a(_divmod16.o)
                0x0000000000005f94                __ext_divmod16
                0x0000000000005f94                __divhi3
                0x0000000000005fc6                __modhi3
 .text.libgcc   0x0000000000005fce       0x38 /opt/compilers/mspgcc-4.7.3/bin/../lib/gcc/msp430/4.7.3/mcpu-430x/mmpy-16/msr20/mc20/libgcc.a(_udivmod32.o)
                0x0000000000005fce                __udivsi3
                0x0000000000005fce                __ext_udivmod32
                0x0000000000005ffc                __umodsi3
 .text.libgcc   0x0000000000006006       0x4c /opt/compilers/mspgcc-4.7.3/bin/../lib/gcc/msp430/4.7.3/mcpu-430x/mmpy-16/msr20/mc20/libgcc.a(_divmod32.o)
                0x0000000000006006                __ext_divmod32
                0x0000000000006006                __divsi3
                0x0000000000006048                __modsi3
 .text.libgcc   0x0000000000006052       0x26 /opt/compilers/mspgcc-4.7.3/bin/../lib/gcc/msp430/4.7.3/mcpu-430x/mmpy-16/msr20/mc20/libgcc.a(_mulsi3.o)
                0x0000000000006052                __mulsi3
 .text.libgcc   0x0000000000006078       0xbc /opt/compilers/mspgcc-4.7.3/bin/../lib/gcc/msp430/4.7.3/mcpu-430x/mmpy-16/msr20/mc20/libgcc.a(_udivmod64.o)
                0x0000000000006078                __xabi_udivmod64
                0x00000000000060ca                __udivdi3
                0x00000000000060e4                __umoddi3
                0x0000000000006106                __udivmoddi4
 .text.crt0     0x0000000000006134        0x2 /opt/compilers/mspgcc-4.7.3/bin/../lib/gcc/msp430/4.7.3/mcpu-430x/mmpy-16/msr20/mc20/libcrt0.a(_unexpected_.o)
                0x0000000000006134                _unexpected_
 *(.near.text .near.text.*)
 .near.text.irq_p2
                0x0000000000006136       0x74 contiki-wismote.a(button-sensor.o)
                0x0000000000006136                irq_p2
                0x0000000000006136                __isr_42
 .near.text.cc2520_port1_interrupt
                0x00000000000061aa       0x4e contiki-wismote.a(cc2520-arch.o)
                0x00000000000061aa                __isr_47
                0x00000000000061aa                cc2520_port1_interrupt
 .near.text.uart1_rx_interrupt
                0x00000000000061f8       0x6c contiki-wismote.a(uart1.o)
                0x00000000000061f8                __isr_46
                0x00000000000061f8                uart1_rx_interrupt
 .near.text.timera1
                0x0000000000006264       0xfa contiki-wismote.a(clock.o)
                0x0000000000006264                __isr_48
                0x0000000000006264                timera1
 .near.text.watchdog_interrupt
                0x000000000000635e        0x6 contiki-wismote.a(watchdog.o)
                0x000000000000635e                watchdog_interrupt
                0x000000000000635e                __isr_58
 .near.text.timera0
                0x0000000000006364       0x5c contiki-wismote.a(rtimer-arch.o)
                0x0000000000006364                __isr_49
                0x0000000000006364                timera0
 .any.text.print_local_addresses
                0x00000000000063c0       0xbc park.co
 .any.text.process_thread_park_client
                0x000000000000647c      0x1ca park.co
 .any.text.process_thread_park_server
                0x0000000000006646      0x152 park.co
 .any.text.res_post_handler
                0x0000000000006798       0x3e obj_wismote/parkevent.o
 .any.text.DataLayer_initStorage
                0x00000000000067d6        0x6 obj_wismote/dataLayer.o
                0x00000000000067d6                DataLayer_initStorage
 .any.text.DataLayer_addOwnRecord
                0x00000000000067dc       0x36 obj_wismote/dataLayer.o
                0x00000000000067dc                DataLayer_addOwnRecord
 .any.text.DataLayer_isDataNeedToBeSend
                0x0000000000006812       0x14 obj_wismote/dataLayer.o
                0x0000000000006812                DataLayer_isDataNeedToBeSend
 .any.text.DataLayer_getDataToSend
                0x0000000000006826      0x136 obj_wismote/dataLayer.o
                0x0000000000006826                DataLayer_getDataToSend
 .any.text.initData
                0x000000000000695c       0x3c obj_wismote/data.o
                0x000000000000695c                initData
 .any.text.getCount
                0x0000000000006998        0xa obj_wismote/data.o
                0x0000000000006998                getCount
 .any.text.getNFirstElement
                0x00000000000069a2       0x48 obj_wismote/data.o
                0x00000000000069a2                getNFirstElement
 .any.text.getTimestamp
                0x00000000000069ea       0x46 obj_wismote/data.o
                0x00000000000069ea                getTimestamp
 .any.text.setTimestamp
                0x0000000000006a30       0x4c obj_wismote/data.o
                0x0000000000006a30                setTimestamp
 .any.text.addToHead
                0x0000000000006a7c       0x4a obj_wismote/data.o
                0x0000000000006a7c                addToHead
 .any.text.getIntDigit
                0x0000000000006ac6       0x34 obj_wismote/helpers.o
                0x0000000000006ac6                getIntDigit
 .any.text.getString
                0x0000000000006afa       0xde obj_wismote/helpers.o
                0x0000000000006afa                getString
 .any.text.coap_parse_int_option
                0x0000000000006bd8       0x36 contiki-wismote.a(er-coap.o)
 .any.text.coap_get_variable
                0x0000000000006c0e       0x78 contiki-wismote.a(er-coap.o)
 .any.text.coap_merge_multi_option
                0x0000000000006c86       0x3a contiki-wismote.a(er-coap.o)
 .any.text.coap_set_option_header
                0x0000000000006cc0       0x98 contiki-wismote.a(er-coap.o)
 .any.text.coap_serialize_int_option
                0x0000000000006d58       0xb8 contiki-wismote.a(er-coap.o)
 .any.text.coap_serialize_array_option.part.0
                0x0000000000006e10       0x28 contiki-wismote.a(er-coap.o)
 .any.text.coap_serialize_array_option
                0x0000000000006e38       0x82 contiki-wismote.a(er-coap.o)
 .any.text.coap_init_connection
                0x0000000000006eba       0x22 contiki-wismote.a(er-coap.o)
                0x0000000000006eba                coap_init_connection
 .any.text.coap_get_mid
                0x0000000000006edc        0xc contiki-wismote.a(er-coap.o)
                0x0000000000006edc                coap_get_mid
 .any.text.coap_init_message
                0x0000000000006ee8       0x24 contiki-wismote.a(er-coap.o)
                0x0000000000006ee8                coap_init_message
 .any.text.coap_serialize_message
                0x0000000000006f0c      0x3ba contiki-wismote.a(er-coap.o)
                0x0000000000006f0c                coap_serialize_message
 .any.text.coap_send_message
                0x00000000000072c6       0x3e contiki-wismote.a(er-coap.o)
                0x00000000000072c6                coap_send_message
 .any.text.coap_parse_message
                0x0000000000007304      0x468 contiki-wismote.a(er-coap.o)
                0x0000000000007304                coap_parse_message
 .any.text.coap_get_query_variable
                0x000000000000776c       0x1c contiki-wismote.a(er-coap.o)
                0x000000000000776c                coap_get_query_variable
 .any.text.coap_get_post_variable
                0x0000000000007788       0x20 contiki-wismote.a(er-coap.o)
                0x0000000000007788                coap_get_post_variable
 .any.text.coap_set_status_code
                0x00000000000077a8       0x12 contiki-wismote.a(er-coap.o)
                0x00000000000077a8                coap_set_status_code
 .any.text.coap_set_token
                0x00000000000077ba       0x24 contiki-wismote.a(er-coap.o)
                0x00000000000077ba                coap_set_token
 .any.text.coap_get_header_content_format
                0x00000000000077de       0x16 contiki-wismote.a(er-coap.o)
                0x00000000000077de                coap_get_header_content_format
 .any.text.coap_set_header_content_format
                0x00000000000077f4        0xe contiki-wismote.a(er-coap.o)
                0x00000000000077f4                coap_set_header_content_format
 .any.text.coap_get_header_accept
                0x0000000000007802       0x14 contiki-wismote.a(er-coap.o)
                0x0000000000007802                coap_get_header_accept
 .any.text.coap_get_header_max_age
                0x0000000000007816       0x24 contiki-wismote.a(er-coap.o)
                0x0000000000007816                coap_get_header_max_age
 .any.text.coap_set_header_max_age
                0x000000000000783a       0x12 contiki-wismote.a(er-coap.o)
                0x000000000000783a                coap_set_header_max_age
 .any.text.coap_set_header_etag
                0x000000000000784c       0x2a contiki-wismote.a(er-coap.o)
                0x000000000000784c                coap_set_header_etag
 .any.text.coap_get_header_if_match
                0x0000000000007876       0x1a contiki-wismote.a(er-coap.o)
                0x0000000000007876                coap_get_header_if_match
 .any.text.coap_get_header_if_none_match
                0x0000000000007890        0xc contiki-wismote.a(er-coap.o)
                0x0000000000007890                coap_get_header_if_none_match
 .any.text.coap_get_header_uri_host
                0x000000000000789c       0x16 contiki-wismote.a(er-coap.o)
                0x000000000000789c                coap_get_header_uri_host
 .any.text.coap_get_header_uri_path
                0x00000000000078b2       0x16 contiki-wismote.a(er-coap.o)
                0x00000000000078b2                coap_get_header_uri_path
 .any.text.coap_get_header_uri_query
                0x00000000000078c8       0x16 contiki-wismote.a(er-coap.o)
                0x00000000000078c8                coap_get_header_uri_query
 .any.text.coap_set_header_location_query
                0x00000000000078de       0x2c contiki-wismote.a(er-coap.o)
                0x00000000000078de                coap_set_header_location_query
 .any.text.coap_set_header_location_path
                0x000000000000790a       0x5a contiki-wismote.a(er-coap.o)
                0x000000000000790a                coap_set_header_location_path
 .any.text.coap_get_header_observe
                0x0000000000007964       0x1c contiki-wismote.a(er-coap.o)
                0x0000000000007964                coap_get_header_observe
 .any.text.coap_set_header_observe
                0x0000000000007980       0x12 contiki-wismote.a(er-coap.o)
                0x0000000000007980                coap_set_header_observe
 .any.text.coap_get_header_block2
                0x0000000000007992       0x4c contiki-wismote.a(er-coap.o)
                0x0000000000007992                coap_get_header_block2
 .any.text.coap_set_header_block2
                0x00000000000079de       0x42 contiki-wismote.a(er-coap.o)
                0x00000000000079de                coap_set_header_block2
 .any.text.coap_get_header_size2
                0x0000000000007a20       0x1c contiki-wismote.a(er-coap.o)
                0x0000000000007a20                coap_get_header_size2
 .any.text.coap_set_header_size2
                0x0000000000007a3c       0x12 contiki-wismote.a(er-coap.o)
                0x0000000000007a3c                coap_set_header_size2
 .any.text.coap_get_payload
                0x0000000000007a4e       0x1a contiki-wismote.a(er-coap.o)
                0x0000000000007a4e                coap_get_payload
 .any.text.coap_set_payload
                0x0000000000007a68       0x16 contiki-wismote.a(er-coap.o)
                0x0000000000007a68                coap_set_payload
 .any.text.coap_set_service_callback
                0x0000000000007a7e        0x6 contiki-wismote.a(er-coap-engine.)
                0x0000000000007a7e                coap_set_service_callback
 .any.text.coap_get_rest_method
                0x0000000000007a84       0x16 contiki-wismote.a(er-coap-engine.)
                0x0000000000007a84                coap_get_rest_method
 .any.text.process_thread_coap_engine
                0x0000000000007a9a      0x43e contiki-wismote.a(er-coap-engine.)
 .any.text.coap_init_engine
                0x0000000000007ed8        0xc contiki-wismote.a(er-coap-engine.)
                0x0000000000007ed8                coap_init_engine
 .any.text.coap_register_as_transaction_handler
                0x0000000000007ee4        0x8 contiki-wismote.a(er-coap-transac)
                0x0000000000007ee4                coap_register_as_transaction_handler
 .any.text.coap_new_transaction
                0x0000000000007eec       0x46 contiki-wismote.a(er-coap-transac)
                0x0000000000007eec                coap_new_transaction
 .any.text.coap_clear_transaction
                0x0000000000007f32       0x26 contiki-wismote.a(er-coap-transac)
                0x0000000000007f32                coap_clear_transaction
 .any.text.coap_send_transaction
                0x0000000000007f58       0xac contiki-wismote.a(er-coap-transac)
                0x0000000000007f58                coap_send_transaction
 .any.text.coap_get_transaction_by_mid
                0x0000000000008004       0x1e contiki-wismote.a(er-coap-transac)
                0x0000000000008004                coap_get_transaction_by_mid
 .any.text.coap_check_transactions
                0x0000000000008022       0x2e contiki-wismote.a(er-coap-transac)
                0x0000000000008022                coap_check_transactions
 .any.text.coap_remove_observer
                0x0000000000008050       0x1c contiki-wismote.a(er-coap-observe)
                0x0000000000008050                coap_remove_observer
 .any.text.coap_remove_observer_by_client
                0x000000000000806c       0x40 contiki-wismote.a(er-coap-observe)
                0x000000000000806c                coap_remove_observer_by_client
 .any.text.coap_remove_observer_by_token
                0x00000000000080ac       0x5e contiki-wismote.a(er-coap-observe)
                0x00000000000080ac                coap_remove_observer_by_token
 .any.text.coap_remove_observer_by_uri
                0x000000000000810a       0x6a contiki-wismote.a(er-coap-observe)
                0x000000000000810a                coap_remove_observer_by_uri
 .any.text.coap_add_observer
                0x0000000000008174       0x5c contiki-wismote.a(er-coap-observe)
                0x0000000000008174                coap_add_observer
 .any.text.coap_remove_observer_by_mid
                0x00000000000081d0       0x48 contiki-wismote.a(er-coap-observe)
                0x00000000000081d0                coap_remove_observer_by_mid
 .any.text.coap_notify_observers
                0x0000000000008218       0xdc contiki-wismote.a(er-coap-observe)
                0x0000000000008218                coap_notify_observers
 .any.text.coap_observe_handler
                0x00000000000082f4       0xb6 contiki-wismote.a(er-coap-observe)
                0x00000000000082f4                coap_observe_handler
 .any.text.well_known_core_get_handler
                0x00000000000083aa      0x234 contiki-wismote.a(er-coap-res-wel)
                0x00000000000083aa                well_known_core_get_handler
 .any.text.simple_reply
                0x00000000000085de       0x34 contiki-wismote.a(er-coap-observe)
 .any.text.classify_notification
                0x0000000000008612       0x5a contiki-wismote.a(er-coap-observe)
 .any.text.coap_get_obs_subject_by_token
                0x000000000000866c       0x4e contiki-wismote.a(er-coap-observe)
                0x000000000000866c                coap_get_obs_subject_by_token
 .any.text.coap_handle_notification
                0x00000000000086ba       0xbe contiki-wismote.a(er-coap-observe)
                0x00000000000086ba                coap_handle_notification
 .any.text.process_thread_rest_engine_process
                0x0000000000008778       0xc0 contiki-wismote.a(rest-engine.o)
 .any.text.rest_invoke_restful_service
                0x0000000000008838      0x11c contiki-wismote.a(rest-engine.o)
                0x0000000000008838                rest_invoke_restful_service
 .any.text.rest_init_engine
                0x0000000000008954       0x26 contiki-wismote.a(rest-engine.o)
                0x0000000000008954                rest_init_engine
 .any.text.rest_activate_resource
                0x000000000000897a       0x3e contiki-wismote.a(rest-engine.o)
                0x000000000000897a                rest_activate_resource
 .any.text.rest_get_resources
                0x00000000000089b8        0x6 contiki-wismote.a(rest-engine.o)
                0x00000000000089b8                rest_get_resources
 .any.text.init_platform
                0x00000000000089be        0xc contiki-wismote.a(contiki-wismote)
                0x00000000000089be                init_platform
 .any.text.status
                0x00000000000089ca       0x18 contiki-wismote.a(button-sensor.o)
 .any.text.value
                0x00000000000089e2       0x20 contiki-wismote.a(button-sensor.o)
 .any.text.configure
                0x0000000000008a02       0x4c contiki-wismote.a(button-sensor.o)
 .any.text.process_thread_sensors_process
                0x0000000000008a4e       0xc2 contiki-wismote.a(sensors.o)
 .any.text.sensors_changed
                0x0000000000008b10       0x2a contiki-wismote.a(sensors.o)
                0x0000000000008b10                sensors_changed
 .any.text.get_value
                0x0000000000008b3a       0x4a contiki-wismote.a(cc2520.o)
 .any.text.get_object
                0x0000000000008b84        0x4 contiki-wismote.a(cc2520.o)
 .any.text.set_object
                0x0000000000008b88        0x4 contiki-wismote.a(cc2520.o)
 .any.text.cc2520_receiving_packet
                0x0000000000008b8c        0x8 contiki-wismote.a(cc2520.o)
 .any.text.pending_packet
                0x0000000000008b94        0xe contiki-wismote.a(cc2520.o)
 .any.text.status
                0x0000000000008ba2       0x52 contiki-wismote.a(cc2520.o)
 .any.text.strobe
                0x0000000000008bf4       0x4e contiki-wismote.a(cc2520.o)
 .any.text.on   0x0000000000008c42       0x46 contiki-wismote.a(cc2520.o)
 .any.text.flushrx
                0x0000000000008c88       0xf2 contiki-wismote.a(cc2520.o)
 .any.text.off  0x0000000000008d7a       0x72 contiki-wismote.a(cc2520.o)
 .any.text.RELEASE_LOCK
                0x0000000000008dec       0x28 contiki-wismote.a(cc2520.o)
 .any.text.getrxdata
                0x0000000000008e14       0x7e contiki-wismote.a(cc2520.o)
 .any.text.setreg
                0x0000000000008e92       0x6e contiki-wismote.a(cc2520.o)
 .any.text.cc2520_prepare
                0x0000000000008f00       0xde contiki-wismote.a(cc2520.o)
 .any.text.getreg
                0x0000000000008fde       0x78 contiki-wismote.a(cc2520.o)
 .any.text.cc2520_on
                0x0000000000009056       0x22 contiki-wismote.a(cc2520.o)
                0x0000000000009056                cc2520_on
 .any.text.cc2520_off
                0x0000000000009078       0x30 contiki-wismote.a(cc2520.o)
                0x0000000000009078                cc2520_off
 .any.text.cc2520_cca
                0x00000000000090a8       0x76 contiki-wismote.a(cc2520.o)
 .any.text.cc2520_read
                0x000000000000911e       0xfe contiki-wismote.a(cc2520.o)
 .any.text.process_thread_cc2520_process
                0x000000000000921c       0x54 contiki-wismote.a(cc2520.o)
 .any.text.cc2520_set_channel
                0x0000000000009270       0x78 contiki-wismote.a(cc2520.o)
                0x0000000000009270                cc2520_set_channel
 .any.text.set_value
                0x00000000000092e8       0x3c contiki-wismote.a(cc2520.o)
 .any.text.cc2520_set_pan_addr
                0x0000000000009324      0x1aa contiki-wismote.a(cc2520.o)
                0x0000000000009324                cc2520_set_pan_addr
 .any.text.cc2520_init
                0x00000000000094ce      0x17a contiki-wismote.a(cc2520.o)
                0x00000000000094ce                cc2520_init
 .any.text.cc2520_interrupt
                0x0000000000009648       0x1c contiki-wismote.a(cc2520.o)
                0x0000000000009648                cc2520_interrupt
 .any.text.cc2520_get_txpower
                0x0000000000009664       0x1a contiki-wismote.a(cc2520.o)
                0x0000000000009664                cc2520_get_txpower
 .any.text.cc2520_transmit
                0x000000000000967e      0x14c contiki-wismote.a(cc2520.o)
 .any.text.cc2520_send
                0x00000000000097ca       0x12 contiki-wismote.a(cc2520.o)
 .any.text.cc2520_arch_init
                0x00000000000097dc       0x48 contiki-wismote.a(cc2520-arch.o)
                0x00000000000097dc                cc2520_arch_init
 .any.text.uart1_active
                0x0000000000009824        0xe contiki-wismote.a(uart1.o)
                0x0000000000009824                uart1_active
 .any.text.uart1_writeb
                0x0000000000009832       0x16 contiki-wismote.a(uart1.o)
                0x0000000000009832                uart1_writeb
 .any.text.uart1_init
                0x0000000000009848       0x64 contiki-wismote.a(uart1.o)
                0x0000000000009848                uart1_init
 .any.text.putchar
                0x00000000000098ac       0x10 contiki-wismote.a(uart1-putchar.o)
                0x00000000000098ac                putchar
 .any.text.msp430_init_dco
                0x00000000000098bc       0x20 contiki-wismote.a(msp430.o)
                0x00000000000098bc                msp430_init_dco
 .any.text.msp430_cpu_init
                0x00000000000098dc       0x82 contiki-wismote.a(msp430.o)
                0x00000000000098dc                msp430_cpu_init
 .any.text.splhigh_
                0x000000000000995e        0x8 contiki-wismote.a(msp430.o)
                0x000000000000995e                splhigh_
 .any.text.clock_time
                0x0000000000009966       0x1a contiki-wismote.a(clock.o)
                0x0000000000009966                clock_time
 .any.text.clock_init
                0x0000000000009980       0x28 contiki-wismote.a(clock.o)
                0x0000000000009980                clock_init
 .any.text.clock_delay
                0x00000000000099a8        0xc contiki-wismote.a(clock.o)
                0x00000000000099a8                clock_delay
 .any.text.clock_wait
                0x00000000000099b4       0x24 contiki-wismote.a(clock.o)
                0x00000000000099b4                clock_wait
 .any.text.clock_seconds
                0x00000000000099d8       0x1a contiki-wismote.a(clock.o)
                0x00000000000099d8                clock_seconds
 .any.text.show_leds
                0x00000000000099f2       0xe8 contiki-wismote.a(leds.o)
 .any.text.leds_init
                0x0000000000009ada        0xa contiki-wismote.a(leds.o)
                0x0000000000009ada                leds_init
 .any.text.leds_on
                0x0000000000009ae4        0xa contiki-wismote.a(leds.o)
                0x0000000000009ae4                leds_on
 .any.text.leds_off
                0x0000000000009aee        0xe contiki-wismote.a(leds.o)
                0x0000000000009aee                leds_off
 .any.text.leds_arch_init
                0x0000000000009afc       0x22 contiki-wismote.a(leds-arch.o)
                0x0000000000009afc                leds_arch_init
 .any.text.leds_arch_set
                0x0000000000009b1e       0x4c contiki-wismote.a(leds-arch.o)
                0x0000000000009b1e                leds_arch_set
 .any.text.watchdog_start
                0x0000000000009b6a       0x14 contiki-wismote.a(watchdog.o)
                0x0000000000009b6a                watchdog_start
 .any.text.watchdog_periodic
                0x0000000000009b7e       0x12 contiki-wismote.a(watchdog.o)
                0x0000000000009b7e                watchdog_periodic
 .any.text.watchdog_stop
                0x0000000000009b90       0x16 contiki-wismote.a(watchdog.o)
                0x0000000000009b90                watchdog_stop
 .any.text.watchdog_init
                0x0000000000009ba6       0x12 contiki-wismote.a(watchdog.o)
                0x0000000000009ba6                watchdog_init
 .any.text.rtimer_arch_init
                0x0000000000009bb8        0xe contiki-wismote.a(rtimer-arch.o)
                0x0000000000009bb8                rtimer_arch_init
 .any.text.rtimer_arch_now
                0x0000000000009bc6        0xe contiki-wismote.a(rtimer-arch.o)
                0x0000000000009bc6                rtimer_arch_now
 .any.text.rtimer_arch_schedule
                0x0000000000009bd4        0x6 contiki-wismote.a(rtimer-arch.o)
                0x0000000000009bd4                rtimer_arch_schedule
 .any.text.autostart_start
                0x0000000000009bda       0x16 contiki-wismote.a(autostart.o)
                0x0000000000009bda                autostart_start
 .any.text.energest_init
                0x0000000000009bf0       0x24 contiki-wismote.a(energest.o)
                0x0000000000009bf0                energest_init
 .any.text.energest_type_time
                0x0000000000009c14       0x3c contiki-wismote.a(energest.o)
                0x0000000000009c14                energest_type_time
 .any.text.energest_type_set
                0x0000000000009c50        0xc contiki-wismote.a(energest.o)
                0x0000000000009c50                energest_type_set
 .any.text.energest_flush
                0x0000000000009c5c       0x38 contiki-wismote.a(energest.o)
                0x0000000000009c5c                energest_flush
 .any.text.update_time
                0x0000000000009c94       0x70 contiki-wismote.a(etimer.o)
 .any.text.etimer_request_poll
                0x0000000000009d04        0xa contiki-wismote.a(etimer.o)
                0x0000000000009d04                etimer_request_poll
 .any.text.process_thread_etimer_process
                0x0000000000009d0e       0xc4 contiki-wismote.a(etimer.o)
 .any.text.add_timer
                0x0000000000009dd2       0x40 contiki-wismote.a(etimer.o)
 .any.text.etimer_set
                0x0000000000009e12       0x12 contiki-wismote.a(etimer.o)
                0x0000000000009e12                etimer_set
 .any.text.etimer_reset
                0x0000000000009e24       0x12 contiki-wismote.a(etimer.o)
                0x0000000000009e24                etimer_reset
 .any.text.etimer_restart
                0x0000000000009e36       0x12 contiki-wismote.a(etimer.o)
                0x0000000000009e36                etimer_restart
 .any.text.etimer_expired
                0x0000000000009e48        0xe contiki-wismote.a(etimer.o)
                0x0000000000009e48                etimer_expired
 .any.text.etimer_expiration_time
                0x0000000000009e56       0x14 contiki-wismote.a(etimer.o)
                0x0000000000009e56                etimer_expiration_time
 .any.text.etimer_pending
                0x0000000000009e6a        0xc contiki-wismote.a(etimer.o)
                0x0000000000009e6a                etimer_pending
 .any.text.etimer_next_expiration_time
                0x0000000000009e76       0x16 contiki-wismote.a(etimer.o)
                0x0000000000009e76                etimer_next_expiration_time
 .any.text.etimer_stop
                0x0000000000009e8c       0x3e contiki-wismote.a(etimer.o)
                0x0000000000009e8c                etimer_stop
 .any.text.process_thread_ctimer_process
                0x0000000000009eca       0xa0 contiki-wismote.a(ctimer.o)
 .any.text.ctimer_init
                0x0000000000009f6a       0x18 contiki-wismote.a(ctimer.o)
                0x0000000000009f6a                ctimer_init
 .any.text.ctimer_set
                0x0000000000009f82       0x48 contiki-wismote.a(ctimer.o)
                0x0000000000009f82                ctimer_set
 .any.text.ctimer_reset
                0x0000000000009fca       0x2c contiki-wismote.a(ctimer.o)
                0x0000000000009fca                ctimer_reset
 .any.text.ctimer_stop
                0x0000000000009ff6       0x28 contiki-wismote.a(ctimer.o)
                0x0000000000009ff6                ctimer_stop
 .any.text.call_process
                0x000000000000a01e       0x40 contiki-wismote.a(process.o)
 .any.text.exit_process
                0x000000000000a05e       0x88 contiki-wismote.a(process.o)
 .any.text.do_poll
                0x000000000000a0e6       0x30 contiki-wismote.a(process.o)
 .any.text.process_alloc_event
                0x000000000000a116        0xe contiki-wismote.a(process.o)
                0x000000000000a116                process_alloc_event
 .any.text.process_init
                0x000000000000a124       0x1c contiki-wismote.a(process.o)
                0x000000000000a124                process_init
 .any.text.process_run
                0x000000000000a140       0xa4 contiki-wismote.a(process.o)
                0x000000000000a140                process_run
 .any.text.process_nevents
                0x000000000000a1e4        0xe contiki-wismote.a(process.o)
                0x000000000000a1e4                process_nevents
 .any.text.process_post
                0x000000000000a1f2       0x50 contiki-wismote.a(process.o)
                0x000000000000a1f2                process_post
 .any.text.process_post_synch
                0x000000000000a242       0x12 contiki-wismote.a(process.o)
                0x000000000000a242                process_post_synch
 .any.text.process_start
                0x000000000000a254       0x36 contiki-wismote.a(process.o)
                0x000000000000a254                process_start
 .any.text.process_poll
                0x000000000000a28a       0x18 contiki-wismote.a(process.o)
                0x000000000000a28a                process_poll
 .any.text.rtimer_init
                0x000000000000a2a2        0x6 contiki-wismote.a(rtimer.o)
                0x000000000000a2a2                rtimer_init
 .any.text.rtimer_run_next
                0x000000000000a2a8       0x26 contiki-wismote.a(rtimer.o)
                0x000000000000a2a8                rtimer_run_next
 .any.text.timer_set
                0x000000000000a2ce       0x1c contiki-wismote.a(timer.o)
                0x000000000000a2ce                timer_set
 .any.text.timer_reset
                0x000000000000a2ea        0xe contiki-wismote.a(timer.o)
                0x000000000000a2ea                timer_reset
 .any.text.timer_restart
                0x000000000000a2f8       0x14 contiki-wismote.a(timer.o)
                0x000000000000a2f8                timer_restart
 .any.text.timer_expired
                0x000000000000a30c       0x2a contiki-wismote.a(timer.o)
                0x000000000000a30c                timer_expired
 .any.text.list_init
                0x000000000000a336        0x6 contiki-wismote.a(list.o)
                0x000000000000a336                list_init
 .any.text.list_head
                0x000000000000a33c        0x4 contiki-wismote.a(list.o)
                0x000000000000a33c                list_head
 .any.text.list_tail
                0x000000000000a340       0x12 contiki-wismote.a(list.o)
                0x000000000000a340                list_tail
 .any.text.list_remove
                0x000000000000a352       0x34 contiki-wismote.a(list.o)
                0x000000000000a352                list_remove
 .any.text.list_push
                0x000000000000a386       0x16 contiki-wismote.a(list.o)
                0x000000000000a386                list_push
 .any.text.list_add
                0x000000000000a39c       0x26 contiki-wismote.a(list.o)
                0x000000000000a39c                list_add
 .any.text.list_length
                0x000000000000a3c2       0x10 contiki-wismote.a(list.o)
                0x000000000000a3c2                list_length
 .any.text.list_item_next
                0x000000000000a3d2        0xc contiki-wismote.a(list.o)
                0x000000000000a3d2                list_item_next
 .any.text.memb_init
                0x000000000000a3de       0x36 contiki-wismote.a(memb.o)
                0x000000000000a3de                memb_init
 .any.text.memb_alloc
                0x000000000000a414       0x3e contiki-wismote.a(memb.o)
                0x000000000000a414                memb_alloc
 .any.text.memb_free
                0x000000000000a452       0x3a contiki-wismote.a(memb.o)
                0x000000000000a452                memb_free
 .any.text.memb_inmemb
                0x000000000000a48c       0x2a contiki-wismote.a(memb.o)
                0x000000000000a48c                memb_inmemb
 .any.text.memb_numfree
                0x000000000000a4b6       0x26 contiki-wismote.a(memb.o)
                0x000000000000a4b6                memb_numfree
 .any.text.random_rand
                0x000000000000a4dc        0x6 contiki-wismote.a(random.o)
                0x000000000000a4dc                random_rand
 .any.text.uip_ds6_list_loop
                0x000000000000a4e2       0x66 contiki-wismote.a(uip-ds6.o)
                0x000000000000a4e2                uip_ds6_list_loop
 .any.text.uip_ds6_prefix_add
                0x000000000000a548       0x70 contiki-wismote.a(uip-ds6.o)
                0x000000000000a548                uip_ds6_prefix_add
 .any.text.uip_ds6_is_addr_onlink
                0x000000000000a5b8       0x42 contiki-wismote.a(uip-ds6.o)
                0x000000000000a5b8                uip_ds6_is_addr_onlink
 .any.text.uip_ds6_addr_lookup
                0x000000000000a5fa       0x2a contiki-wismote.a(uip-ds6.o)
                0x000000000000a5fa                uip_ds6_addr_lookup
 .any.text.uip_ds6_get_link_local
                0x000000000000a624       0x3e contiki-wismote.a(uip-ds6.o)
                0x000000000000a624                uip_ds6_get_link_local
 .any.text.uip_ds6_maddr_add
                0x000000000000a662       0x48 contiki-wismote.a(uip-ds6.o)
                0x000000000000a662                uip_ds6_maddr_add
 .any.text.uip_ds6_addr_add
                0x000000000000a6aa       0xb4 contiki-wismote.a(uip-ds6.o)
                0x000000000000a6aa                uip_ds6_addr_add
 .any.text.uip_ds6_maddr_rm
                0x000000000000a75e        0xa contiki-wismote.a(uip-ds6.o)
                0x000000000000a75e                uip_ds6_maddr_rm
 .any.text.uip_ds6_maddr_lookup
                0x000000000000a768       0x2a contiki-wismote.a(uip-ds6.o)
                0x000000000000a768                uip_ds6_maddr_lookup
 .any.text.uip_ds6_addr_rm
                0x000000000000a792       0x54 contiki-wismote.a(uip-ds6.o)
                0x000000000000a792                uip_ds6_addr_rm
 .any.text.uip_ds6_periodic
                0x000000000000a7e6       0x4a contiki-wismote.a(uip-ds6.o)
                0x000000000000a7e6                uip_ds6_periodic
 .any.text.uip_ds6_set_addr_iid
                0x000000000000a830       0x14 contiki-wismote.a(uip-ds6.o)
                0x000000000000a830                uip_ds6_set_addr_iid
 .any.text.get_match_length
                0x000000000000a844       0x3c contiki-wismote.a(uip-ds6.o)
                0x000000000000a844                get_match_length
 .any.text.uip_ds6_select_src
                0x000000000000a880       0x9a contiki-wismote.a(uip-ds6.o)
                0x000000000000a880                uip_ds6_select_src
 .any.text.uip_ds6_compute_reachable_time
                0x000000000000a91a       0x36 contiki-wismote.a(uip-ds6.o)
                0x000000000000a91a                uip_ds6_compute_reachable_time
 .any.text.uip_ds6_init
                0x000000000000a950      0x138 contiki-wismote.a(uip-ds6.o)
                0x000000000000a950                uip_ds6_init
 .any.text.call_route_callback
                0x000000000000aa88       0x40 contiki-wismote.a(uip-ds6-route.o)
 .any.text.uip_ds6_route_init
                0x000000000000aac8       0x36 contiki-wismote.a(uip-ds6-route.o)
                0x000000000000aac8                uip_ds6_route_init
 .any.text.uip_ds6_route_nexthop
                0x000000000000aafe       0x1a contiki-wismote.a(uip-ds6-route.o)
                0x000000000000aafe                uip_ds6_route_nexthop
 .any.text.uip_ds6_route_head
                0x000000000000ab18        0xa contiki-wismote.a(uip-ds6-route.o)
                0x000000000000ab18                uip_ds6_route_head
 .any.text.uip_ds6_route_next
                0x000000000000ab22        0xe contiki-wismote.a(uip-ds6-route.o)
                0x000000000000ab22                uip_ds6_route_next
 .any.text.uip_ds6_route_lookup
                0x000000000000ab30       0x6e contiki-wismote.a(uip-ds6-route.o)
                0x000000000000ab30                uip_ds6_route_lookup
 .any.text.uip_ds6_route_rm
                0x000000000000ab9e       0xa2 contiki-wismote.a(uip-ds6-route.o)
                0x000000000000ab9e                uip_ds6_route_rm
 .any.text.rm_routelist
                0x000000000000ac40       0x34 contiki-wismote.a(uip-ds6-route.o)
 .any.text.rm_routelist_callback
                0x000000000000ac74        0x6 contiki-wismote.a(uip-ds6-route.o)
 .any.text.uip_ds6_route_add
                0x000000000000ac7a       0xf8 contiki-wismote.a(uip-ds6-route.o)
                0x000000000000ac7a                uip_ds6_route_add
 .any.text.uip_ds6_defrt_rm
                0x000000000000ad72       0x44 contiki-wismote.a(uip-ds6-route.o)
                0x000000000000ad72                uip_ds6_defrt_rm
 .any.text.uip_ds6_defrt_lookup
                0x000000000000adb6       0x32 contiki-wismote.a(uip-ds6-route.o)
                0x000000000000adb6                uip_ds6_defrt_lookup
 .any.text.uip_ds6_defrt_add
                0x000000000000ade8       0x68 contiki-wismote.a(uip-ds6-route.o)
                0x000000000000ade8                uip_ds6_defrt_add
 .any.text.uip_ds6_defrt_choose
                0x000000000000ae50       0x36 contiki-wismote.a(uip-ds6-route.o)
                0x000000000000ae50                uip_ds6_defrt_choose
 .any.text.uip_ds6_defrt_periodic
                0x000000000000ae86       0x38 contiki-wismote.a(uip-ds6-route.o)
                0x000000000000ae86                uip_ds6_defrt_periodic
 .any.text.chksum
                0x000000000000aebe       0x32 contiki-wismote.a(uip6.o)
 .any.text.upper_layer_chksum
                0x000000000000aef0       0x56 contiki-wismote.a(uip6.o)
 .any.text.ext_hdr_options_process
                0x000000000000af46       0xc2 contiki-wismote.a(uip6.o)
 .any.text.uip_icmp6chksum
                0x000000000000b008        0xa contiki-wismote.a(uip6.o)
                0x000000000000b008                uip_icmp6chksum
 .any.text.uip_udpchksum
                0x000000000000b012        0xa contiki-wismote.a(uip6.o)
                0x000000000000b012                uip_udpchksum
 .any.text.uip_init
                0x000000000000b01c       0x36 contiki-wismote.a(uip6.o)
                0x000000000000b01c                uip_init
 .any.text.remove_ext_hdr
                0x000000000000b052       0x54 contiki-wismote.a(uip6.o)
                0x000000000000b052                remove_ext_hdr
 .any.text.uip_udp_new
                0x000000000000b0a6       0xb8 contiki-wismote.a(uip6.o)
                0x000000000000b0a6                uip_udp_new
 .any.text.uip_process
                0x000000000000b15e      0x48a contiki-wismote.a(uip6.o)
                0x000000000000b15e                uip_process
 .any.text.uip_htonl
                0x000000000000b5e8       0x2a contiki-wismote.a(uip6.o)
                0x000000000000b5e8                uip_htonl
 .any.text.uip_ds6_nbr_rm
                0x000000000000b612       0x1a contiki-wismote.a(uip-ds6-nbr.o)
                0x000000000000b612                uip_ds6_nbr_rm
 .any.text.uip_ds6_neighbors_init
                0x000000000000b62c        0xe contiki-wismote.a(uip-ds6-nbr.o)
                0x000000000000b62c                uip_ds6_neighbors_init
 .any.text.uip_ds6_nbr_add
                0x000000000000b63a       0x54 contiki-wismote.a(uip-ds6-nbr.o)
                0x000000000000b63a                uip_ds6_nbr_add
 .any.text.uip_ds6_nbr_get_ll
                0x000000000000b68e        0xc contiki-wismote.a(uip-ds6-nbr.o)
                0x000000000000b68e                uip_ds6_nbr_get_ll
 .any.text.uip_ds6_nbr_lookup
                0x000000000000b69a       0x3e contiki-wismote.a(uip-ds6-nbr.o)
                0x000000000000b69a                uip_ds6_nbr_lookup
 .any.text.uip_ds6_nbr_ll_lookup
                0x000000000000b6d8        0xc contiki-wismote.a(uip-ds6-nbr.o)
                0x000000000000b6d8                uip_ds6_nbr_ll_lookup
 .any.text.uip_ds6_nbr_ipaddr_from_lladdr
                0x000000000000b6e4        0x6 contiki-wismote.a(uip-ds6-nbr.o)
                0x000000000000b6e4                uip_ds6_nbr_ipaddr_from_lladdr
 .any.text.uip_ds6_nbr_lladdr_from_ipaddr
                0x000000000000b6ea       0x12 contiki-wismote.a(uip-ds6-nbr.o)
                0x000000000000b6ea                uip_ds6_nbr_lladdr_from_ipaddr
 .any.text.uip_ds6_link_neighbor_callback
                0x000000000000b6fc       0x26 contiki-wismote.a(uip-ds6-nbr.o)
                0x000000000000b6fc                uip_ds6_link_neighbor_callback
 .any.text.uip_ds6_neighbor_periodic
                0x000000000000b722      0x11e contiki-wismote.a(uip-ds6-nbr.o)
                0x000000000000b722                uip_ds6_neighbor_periodic
 .any.text.na_input
                0x000000000000b840      0x1a0 contiki-wismote.a(uip-nd6.o)
 .any.text.ns_input
                0x000000000000b9e0      0x246 contiki-wismote.a(uip-nd6.o)
 .any.text.uip_nd6_ns_output
                0x000000000000bc26      0x176 contiki-wismote.a(uip-nd6.o)
                0x000000000000bc26                uip_nd6_ns_output
 .any.text.uip_nd6_init
                0x000000000000bd9c       0x12 contiki-wismote.a(uip-nd6.o)
                0x000000000000bd9c                uip_nd6_init
 .any.text.set_packet_attrs
                0x000000000000bdae       0x46 contiki-wismote.a(sicslowpan.o)
 .any.text.addr_context_lookup_by_number
                0x000000000000bdf4       0x30 contiki-wismote.a(sicslowpan.o)
 .any.text.compress_addr_64
                0x000000000000be24       0x9a contiki-wismote.a(sicslowpan.o)
 .any.text.uncompress_addr
                0x000000000000bebe       0x96 contiki-wismote.a(sicslowpan.o)
 .any.text.input
                0x000000000000bf54      0x5e2 contiki-wismote.a(sicslowpan.o)
 .any.text.sicslowpan_init
                0x000000000000c536       0x26 contiki-wismote.a(sicslowpan.o)
                0x000000000000c536                sicslowpan_init
 .any.text.addr_context_lookup_by_prefix
                0x000000000000c55c       0x4a contiki-wismote.a(sicslowpan.o)
 .any.text.packet_sent
                0x000000000000c5a6       0x22 contiki-wismote.a(sicslowpan.o)
 .any.text.send_packet
                0x000000000000c5c8       0x1a contiki-wismote.a(sicslowpan.o)
 .any.text.output
                0x000000000000c5e2      0x6a6 contiki-wismote.a(sicslowpan.o)
 .any.text.uip_debug_ipaddr_print
                0x000000000000cc88       0x72 contiki-wismote.a(uip-debug.o)
                0x000000000000cc88                uip_debug_ipaddr_print
 .any.text.uip_udp_packet_send
                0x000000000000ccfa       0x2e contiki-wismote.a(uip-udp-packet.)
                0x000000000000ccfa                uip_udp_packet_send
 .any.text.tcpip_output
                0x000000000000cd28       0x10 contiki-wismote.a(tcpip.o)
                0x000000000000cd28                tcpip_output
 .any.text.tcpip_set_outputfunc
                0x000000000000cd38        0x6 contiki-wismote.a(tcpip.o)
                0x000000000000cd38                tcpip_set_outputfunc
 .any.text.udp_new
                0x000000000000cd3e       0x1a contiki-wismote.a(tcpip.o)
                0x000000000000cd3e                udp_new
 .any.text.tcpip_input
                0x000000000000cd58       0x16 contiki-wismote.a(tcpip.o)
                0x000000000000cd58                tcpip_input
 .any.text.tcpip_ipv6_output
                0x000000000000cd6e      0x14e contiki-wismote.a(tcpip.o)
                0x000000000000cd6e                tcpip_ipv6_output
 .any.text.process_thread_tcpip_process
                0x000000000000cebc       0xd0 contiki-wismote.a(tcpip.o)
 .any.text.tcpip_uipcall
                0x000000000000cf8c       0x2a contiki-wismote.a(tcpip.o)
                0x000000000000cf8c                tcpip_uipcall
 .any.text.rpl_verify_header
                0x000000000000cfb6       0xae contiki-wismote.a(rpl-ext-header.)
                0x000000000000cfb6                rpl_verify_header
 .any.text.rpl_update_header_empty
                0x000000000000d064      0x12a contiki-wismote.a(rpl-ext-header.)
                0x000000000000d064                rpl_update_header_empty
 .any.text.rpl_update_header_final
                0x000000000000d18e       0x90 contiki-wismote.a(rpl-ext-header.)
                0x000000000000d18e                rpl_update_header_final
 .any.text.rpl_invert_header
                0x000000000000d21e       0x74 contiki-wismote.a(rpl-ext-header.)
                0x000000000000d21e                rpl_invert_header
 .any.text.rpl_insert_header
                0x000000000000d292       0x12 contiki-wismote.a(rpl-ext-header.)
                0x000000000000d292                rpl_insert_header
 .any.text.rpl_get_mode
                0x000000000000d2a4        0x6 contiki-wismote.a(rpl.o)
                0x000000000000d2a4                rpl_get_mode
 .any.text.rpl_purge_routes
                0x000000000000d2aa       0x96 contiki-wismote.a(rpl.o)
                0x000000000000d2aa                rpl_purge_routes
 .any.text.rpl_remove_routes
                0x000000000000d340       0x22 contiki-wismote.a(rpl.o)
                0x000000000000d340                rpl_remove_routes
 .any.text.rpl_remove_routes_by_nexthop
                0x000000000000d362       0x3e contiki-wismote.a(rpl.o)
                0x000000000000d362                rpl_remove_routes_by_nexthop
 .any.text.rpl_add_route
                0x000000000000d3a0       0x48 contiki-wismote.a(rpl.o)
                0x000000000000d3a0                rpl_add_route
 .any.text.rpl_link_neighbor_callback
                0x000000000000d3e8       0x74 contiki-wismote.a(rpl.o)
                0x000000000000d3e8                rpl_link_neighbor_callback
 .any.text.rpl_ipv6_neighbor_callback
                0x000000000000d45c       0x1e contiki-wismote.a(rpl.o)
                0x000000000000d45c                rpl_ipv6_neighbor_callback
 .any.text.rpl_init
                0x000000000000d47a       0x4a contiki-wismote.a(rpl.o)
                0x000000000000d47a                rpl_init
 .any.text.reset
                0x000000000000d4c4        0x2 contiki-wismote.a(rpl-mrhof.o)